Archive member included to satisfy reference by file (symbol)

c:/program files (x86)/gnu tools arm embedded/6.2 2016q4/bin/../lib/gcc/arm-none-eabi/6.2.1/../../../../arm-none-eabi/lib/thumb/v7e-m\libg_nano.a(lib_a-errno.o)
                              ./system/src/newlib/_sbrk.o (__errno)
c:/program files (x86)/gnu tools arm embedded/6.2 2016q4/bin/../lib/gcc/arm-none-eabi/6.2.1/../../../../arm-none-eabi/lib/thumb/v7e-m\libg_nano.a(lib_a-impure.o)
                              c:/program files (x86)/gnu tools arm embedded/6.2 2016q4/bin/../lib/gcc/arm-none-eabi/6.2.1/../../../../arm-none-eabi/lib/thumb/v7e-m\libg_nano.a(lib_a-errno.o) (_impure_ptr)
c:/program files (x86)/gnu tools arm embedded/6.2 2016q4/bin/../lib/gcc/arm-none-eabi/6.2.1/../../../../arm-none-eabi/lib/thumb/v7e-m\libg_nano.a(lib_a-sprintf.o)
                              ./src/main.o (sprintf)
c:/program files (x86)/gnu tools arm embedded/6.2 2016q4/bin/../lib/gcc/arm-none-eabi/6.2.1/../../../../arm-none-eabi/lib/thumb/v7e-m\libg_nano.a(lib_a-strlen.o)
                              ./system/src/diag/Trace.o (strlen)
c:/program files (x86)/gnu tools arm embedded/6.2 2016q4/bin/../lib/gcc/arm-none-eabi/6.2.1/../../../../arm-none-eabi/lib/thumb/v7e-m\libg_nano.a(lib_a-vsnprintf.o)
                              ./system/src/diag/Trace.o (vsnprintf)
c:/program files (x86)/gnu tools arm embedded/6.2 2016q4/bin/../lib/gcc/arm-none-eabi/6.2.1/../../../../arm-none-eabi/lib/thumb/v7e-m\libg_nano.a(lib_a-nano-svfprintf.o)
                              c:/program files (x86)/gnu tools arm embedded/6.2 2016q4/bin/../lib/gcc/arm-none-eabi/6.2.1/../../../../arm-none-eabi/lib/thumb/v7e-m\libg_nano.a(lib_a-sprintf.o) (_svfprintf_r)
c:/program files (x86)/gnu tools arm embedded/6.2 2016q4/bin/../lib/gcc/arm-none-eabi/6.2.1/../../../../arm-none-eabi/lib/thumb/v7e-m\libg_nano.a(lib_a-nano-vfprintf_i.o)
                              c:/program files (x86)/gnu tools arm embedded/6.2 2016q4/bin/../lib/gcc/arm-none-eabi/6.2.1/../../../../arm-none-eabi/lib/thumb/v7e-m\libg_nano.a(lib_a-nano-svfprintf.o) (_printf_i)
c:/program files (x86)/gnu tools arm embedded/6.2 2016q4/bin/../lib/gcc/arm-none-eabi/6.2.1/../../../../arm-none-eabi/lib/thumb/v7e-m\libg_nano.a(lib_a-memchr.o)
                              c:/program files (x86)/gnu tools arm embedded/6.2 2016q4/bin/../lib/gcc/arm-none-eabi/6.2.1/../../../../arm-none-eabi/lib/thumb/v7e-m\libg_nano.a(lib_a-nano-svfprintf.o) (memchr)
c:/program files (x86)/gnu tools arm embedded/6.2 2016q4/bin/../lib/gcc/arm-none-eabi/6.2.1/../../../../arm-none-eabi/lib/thumb/v7e-m\libg_nano.a(lib_a-memcpy-stub.o)
                              c:/program files (x86)/gnu tools arm embedded/6.2 2016q4/bin/../lib/gcc/arm-none-eabi/6.2.1/../../../../arm-none-eabi/lib/thumb/v7e-m\libg_nano.a(lib_a-nano-svfprintf.o) (memcpy)
c:/program files (x86)/gnu tools arm embedded/6.2 2016q4/bin/../lib/gcc/arm-none-eabi/6.2.1/../../../../arm-none-eabi/lib/thumb/v7e-m\libg_nano.a(lib_a-memmove.o)
                              c:/program files (x86)/gnu tools arm embedded/6.2 2016q4/bin/../lib/gcc/arm-none-eabi/6.2.1/../../../../arm-none-eabi/lib/thumb/v7e-m\libg_nano.a(lib_a-nano-svfprintf.o) (memmove)
c:/program files (x86)/gnu tools arm embedded/6.2 2016q4/bin/../lib/gcc/arm-none-eabi/6.2.1/../../../../arm-none-eabi/lib/thumb/v7e-m\libg_nano.a(lib_a-nano-freer.o)
                              c:/program files (x86)/gnu tools arm embedded/6.2 2016q4/bin/../lib/gcc/arm-none-eabi/6.2.1/../../../../arm-none-eabi/lib/thumb/v7e-m\libg_nano.a(lib_a-nano-svfprintf.o) (_free_r)
c:/program files (x86)/gnu tools arm embedded/6.2 2016q4/bin/../lib/gcc/arm-none-eabi/6.2.1/../../../../arm-none-eabi/lib/thumb/v7e-m\libg_nano.a(lib_a-nano-mallocr.o)
                              c:/program files (x86)/gnu tools arm embedded/6.2 2016q4/bin/../lib/gcc/arm-none-eabi/6.2.1/../../../../arm-none-eabi/lib/thumb/v7e-m\libg_nano.a(lib_a-nano-svfprintf.o) (_malloc_r)
c:/program files (x86)/gnu tools arm embedded/6.2 2016q4/bin/../lib/gcc/arm-none-eabi/6.2.1/../../../../arm-none-eabi/lib/thumb/v7e-m\libg_nano.a(lib_a-nano-reallocr.o)
                              c:/program files (x86)/gnu tools arm embedded/6.2 2016q4/bin/../lib/gcc/arm-none-eabi/6.2.1/../../../../arm-none-eabi/lib/thumb/v7e-m\libg_nano.a(lib_a-nano-svfprintf.o) (_realloc_r)
c:/program files (x86)/gnu tools arm embedded/6.2 2016q4/bin/../lib/gcc/arm-none-eabi/6.2.1/../../../../arm-none-eabi/lib/thumb/v7e-m\libg_nano.a(lib_a-sbrkr.o)
                              c:/program files (x86)/gnu tools arm embedded/6.2 2016q4/bin/../lib/gcc/arm-none-eabi/6.2.1/../../../../arm-none-eabi/lib/thumb/v7e-m\libg_nano.a(lib_a-nano-mallocr.o) (_sbrk_r)
c:/program files (x86)/gnu tools arm embedded/6.2 2016q4/bin/../lib/gcc/arm-none-eabi/6.2.1/../../../../arm-none-eabi/lib/thumb/v7e-m\libg_nano.a(lib_a-mlock.o)
[...]
Memory Configuration

Name             Origin             Length             Attributes
RAM              0x20000000         0x00004000         xrw
CCMRAM           0x10000000         0x00002000         xrw
FLASH            0x08000000         0x00010000         xr
FLASHB1          0x00000000         0x00000000         xr
EXTMEMB0         0x00000000         0x00000000         xr
EXTMEMB1         0x00000000         0x00000000         xr
EXTMEMB2         0x00000000         0x00000000         xr
EXTMEMB3         0x00000000         0x00000000         xr
MEMORY_ARRAY     0x20002000         0x00000000         xrw
*default*        0x00000000         0xffffffff

Linker script and memory map

LOAD ./system/src/stm32f3-stdperiph/stm32f30x_gpio.o
LOAD ./system/src/stm32f3-stdperiph/stm32f30x_misc.o
LOAD ./system/src/stm32f3-stdperiph/stm32f30x_rcc.o
LOAD ./system/src/stm32f3-stdperiph/stm32f30x_tim.o
LOAD ./system/src/stm32f3-stdperiph/stm32f30x_usart.o
LOAD ./system/src/newlib/_cxx.o
LOAD ./system/src/newlib/_exit.o
LOAD ./system/src/newlib/_sbrk.o
LOAD ./system/src/newlib/_startup.o
LOAD ./system/src/newlib/_syscalls.o
LOAD ./system/src/newlib/assert.o
LOAD ./system/src/diag/Trace.o
LOAD ./system/src/diag/trace_impl.o
LOAD ./system/src/cortexm/_initialize_hardware.o
LOAD ./system/src/cortexm/_reset_hardware.o
LOAD ./system/src/cortexm/exception_handlers.o
LOAD ./system/src/cmsis/system_stm32f30x.o
LOAD ./system/src/cmsis/vectors_stm32f30x.o
LOAD ./src/_write.o
LOAD ./src/ini.o
LOAD ./src/main.o
LOAD c:/program files (x86)/gnu tools arm embedded/6.2 2016q4/bin/../lib/gcc/arm-none-eabi/6.2.1/../../../../arm-none-eabi/lib/thumb/v7e-m\libstdc++_nano.a
LOAD c:/program files (x86)/gnu tools arm embedded/6.2 2016q4/bin/../lib/gcc/arm-none-eabi/6.2.1/../../../../arm-none-eabi/lib/thumb/v7e-m\libm.a
START GROUP
LOAD c:/program files (x86)/gnu tools arm embedded/6.2 2016q4/bin/../lib/gcc/arm-none-eabi/6.2.1/thumb/v7e-m\libgcc.a
LOAD c:/program files (x86)/gnu tools arm embedded/6.2 2016q4/bin/../lib/gcc/arm-none-eabi/6.2.1/../../../../arm-none-eabi/lib/thumb/v7e-m\libg_nano.a
LOAD c:/program files (x86)/gnu tools arm embedded/6.2 2016q4/bin/../lib/gcc/arm-none-eabi/6.2.1/../../../../arm-none-eabi/lib/thumb/v7e-m\libc_nano.a
END GROUP
START GROUP
LOAD c:/program files (x86)/gnu tools arm embedded/6.2 2016q4/bin/../lib/gcc/arm-none-eabi/6.2.1/thumb/v7e-m\libgcc.a
LOAD c:/program files (x86)/gnu tools arm embedded/6.2 2016q4/bin/../lib/gcc/arm-none-eabi/6.2.1/../../../../arm-none-eabi/lib/thumb/v7e-m\libc_nano.a
END GROUP
                0x20004000                __stack = (ORIGIN (RAM) + LENGTH (RAM))
                0x20004000                _estack = __stack
                0x00000400                __Main_Stack_Size = 0x400
                [!provide]                PROVIDE (_Main_Stack_Size, __Main_Stack_Size)
                0x20003c00                __Main_Stack_Limit = (__stack - __Main_Stack_Size)
                [!provide]                PROVIDE (_Main_Stack_Limit, __Main_Stack_Limit)
                0x00000100                _Minimum_Stack_Size = 0x100
                0x20000184                PROVIDE (_Heap_Begin, _end_noinit)
                0x20003c00                PROVIDE (_Heap_Limit, (__stack - __Main_Stack_Size))

.isr_vector     0x08000000      0x3e8
 FILL mask 0xff
                0x08000000                __vectors_start = ABSOLUTE (.)
                0x08000000                __vectors_start__ = ABSOLUTE (.)
 *(.isr_vector)
 .isr_vector    0x08000000      0x188 ./system/src/cmsis/vectors_stm32f30x.o
                0x08000000                __isr_vectors
 *(.cfmconfig)
 *(.after_vectors .after_vectors.*)
 .after_vectors
                0x08000188      0x130 ./system/src/newlib/_startup.o
                0x08000188                _start
 .after_vectors
                0x080002b8      0x12c ./system/src/cortexm/exception_handlers.o
                0x080002b8                Reset_Handler
                0x080002be                NMI_Handler
                0x080002c2                HardFault_Handler
                0x080002d6                HardFault_Handler_C
                0x08000334                MemManage_Handler
                0x08000338                BusFault_Handler
                0x0800034c                BusFault_Handler_C
                0x08000380                UsageFault_Handler
                0x08000394                UsageFault_Handler_C
                0x080003c8                SVC_Handler
                0x080003cc                DebugMon_Handler
                0x080003d0                PendSV_Handler
                0x080003d4                SysTick_Handler
 .after_vectors
                0x080003e4        0x4 ./system/src/cmsis/vectors_stm32f30x.o
                0x080003e4                RTC_Alarm_IRQHandler
                0x080003e4                TIM8_TRG_COM_IRQHandler
                0x080003e4                TIM8_CC_IRQHandler
                0x080003e4                TIM1_CC_IRQHandler
                0x080003e4                USB_HP_IRQHandler
                0x080003e4                PVD_IRQHandler
                0x080003e4                EXTI3_IRQHandler
                0x080003e4                EXTI0_IRQHandler
                0x080003e4                I2C2_EV_IRQHandler
                0x080003e4                FPU_IRQHandler
                0x080003e4                EXTI2_TS_IRQHandler
                0x080003e4                ADC1_2_IRQHandler
                0x080003e4                SPI1_IRQHandler
                0x080003e4                TIM6_DAC_IRQHandler
                0x080003e4                TIM8_UP_IRQHandler
                0x080003e4                DMA2_Channel2_IRQHandler
                0x080003e4                DMA1_Channel4_IRQHandler
                0x080003e4                USART3_IRQHandler
                0x080003e4                DMA1_Channel7_IRQHandler
                0x080003e4                CAN1_RX1_IRQHandler
                0x080003e4                UART5_IRQHandler
                0x080003e4                ADC3_IRQHandler
                0x080003e4                TIM4_IRQHandler
                0x080003e4                DMA2_Channel1_IRQHandler
                0x080003e4                I2C1_EV_IRQHandler
                0x080003e4                DMA1_Channel6_IRQHandler
                0x080003e4                UART4_IRQHandler
                0x080003e4                DMA2_Channel4_IRQHandler
                0x080003e4                TIM3_IRQHandler
                0x080003e4                RCC_IRQHandler
                0x080003e4                DMA1_Channel1_IRQHandler
                0x080003e4                Default_Handler
                0x080003e4                USBWakeUp_RMP_IRQHandler
                0x080003e4                EXTI15_10_IRQHandler
                0x080003e4                TIM7_IRQHandler
                0x080003e4                EXTI9_5_IRQHandler
                0x080003e4                TAMPER_STAMP_IRQHandler
                0x080003e4                RTC_WKUP_IRQHandler
                0x080003e4                SPI2_IRQHandler
                0x080003e4                DMA2_Channel5_IRQHandler
                0x080003e4                DMA1_Channel5_IRQHandler
                0x080003e4                USB_LP_IRQHandler
                0x080003e4                EXTI4_IRQHandler
                0x080003e4                USB_LP_CAN1_RX0_IRQHandler
                0x080003e4                TIM1_TRG_COM_TIM17_IRQHandler
                0x080003e4                USB_HP_CAN1_TX_IRQHandler
                0x080003e4                DMA1_Channel3_IRQHandler
                0x080003e4                ADC4_IRQHandler
                0x080003e4                WWDG_IRQHandler
                0x080003e4                TIM2_IRQHandler
                0x080003e4                COMP7_IRQHandler
                0x080003e4                COMP1_2_3_IRQHandler
                0x080003e4                EXTI1_IRQHandler
                0x080003e4                COMP4_5_6_IRQHandler
                0x080003e4                I2C2_ER_IRQHandler
                0x080003e4                DMA1_Channel2_IRQHandler
                0x080003e4                TIM8_BRK_IRQHandler
                0x080003e4                CAN1_SCE_IRQHandler
                0x080003e4                FLASH_IRQHandler
                0x080003e4                USART1_IRQHandler
                0x080003e4                SPI3_IRQHandler
                0x080003e4                I2C1_ER_IRQHandler
                0x080003e4                USBWakeUp_IRQHandler
                0x080003e4                DMA2_Channel3_IRQHandler
                0x080003e4                TIM1_BRK_TIM15_IRQHandler

.inits          0x080003e8       0x28
                0x080003e8                __data_regions_array_start = .
                0x080003e8        0x4 LONG 0x80025a0 LOADADDR (.data)
                0x080003ec        0x4 LONG 0x20000000 ADDR (.data)
                0x080003f0        0x4 LONG 0x200000b4 (ADDR (.data) + SIZEOF (.data))
                0x080003f4        0x4 LONG 0x80025a0 LOADADDR (.data_CCMRAM)
                0x080003f8        0x4 LONG 0x10000000 ADDR (.data_CCMRAM)
                0x080003fc        0x4 LONG 0x10000000 (ADDR (.data_CCMRAM) + SIZEOF (.data_CCMRAM))
                0x08000400                __data_regions_array_end = .
                0x08000400                __bss_regions_array_start = .
                0x08000400        0x4 LONG 0x200000b4 ADDR (.bss)
                0x08000404        0x4 LONG 0x20000184 (ADDR (.bss) + SIZEOF (.bss))
                0x08000408        0x4 LONG 0x10000000 ADDR (.bss_CCMRAM)
                0x0800040c        0x4 LONG 0x10000000 (ADDR (.bss_CCMRAM) + SIZEOF (.bss_CCMRAM))
                0x08000410                __bss_regions_array_end = .
 *(.init)
 *(.fini)
                0x08000410                . = ALIGN (0x4)
                0x08000410                PROVIDE (__preinit_array_start, .)
 *(.preinit_array_sysinit .preinit_array_sysinit.*)
 *(.preinit_array_platform .preinit_array_platform.*)
 *(.preinit_array .preinit_array.*)
                0x08000410                PROVIDE (__preinit_array_end, .)
                0x08000410                . = ALIGN (0x4)
                0x08000410                PROVIDE (__init_array_start, .)
 *(SORT(.init_array.*))
 *(.init_array)
                0x08000410                PROVIDE (__init_array_end, .)
                0x08000410                . = ALIGN (0x4)
                0x08000410                PROVIDE (__fini_array_start, .)
 *(SORT(.fini_array.*))
 *(.fini_array)
                0x08000410                PROVIDE (__fini_array_end, .)

.flashtext
 *(.flashtext .flashtext.*)

.text           0x08000410     0x218f
 *(.text .text.*)
 .text.GPIO_Init
                0x08000410      0x11c ./system/src/stm32f3-stdperiph/stm32f30x_gpio.o
                0x08000410                GPIO_Init
 .text.GPIO_PinAFConfig
                0x0800052c       0x98 ./system/src/stm32f3-stdperiph/stm32f30x_gpio.o
                0x0800052c                GPIO_PinAFConfig
 .text.NVIC_Init
                0x080005c4       0x9c ./system/src/stm32f3-stdperiph/stm32f30x_misc.o
                0x080005c4                NVIC_Init
 .text.RCC_GetClocksFreq
                0x08000660      0x2c8 ./system/src/stm32f3-stdperiph/stm32f30x_rcc.o
                0x08000660                RCC_GetClocksFreq
 .text.RCC_AHBPeriphClockCmd
                0x08000928       0x4c ./system/src/stm32f3-stdperiph/stm32f30x_rcc.o
                0x08000928                RCC_AHBPeriphClockCmd
 .text.RCC_APB2PeriphClockCmd
                0x08000974       0x4c ./system/src/stm32f3-stdperiph/stm32f30x_rcc.o
                0x08000974                RCC_APB2PeriphClockCmd
 .text.RCC_APB1PeriphClockCmd
                0x080009c0       0x4c ./system/src/stm32f3-stdperiph/stm32f30x_rcc.o
                0x080009c0                RCC_APB1PeriphClockCmd
 .text.TIM_TimeBaseInit
                0x08000a0c      0x124 ./system/src/stm32f3-stdperiph/stm32f30x_tim.o
                0x08000a0c                TIM_TimeBaseInit
 .text.TIM_Cmd  0x08000b30       0x90 ./system/src/stm32f3-stdperiph/stm32f30x_tim.o
                0x08000b30                TIM_Cmd
 .text.TIM_ITConfig
                0x08000bc0       0x9c ./system/src/stm32f3-stdperiph/stm32f30x_tim.o
                0x08000bc0                TIM_ITConfig
 .text.TIM_GetITStatus
                0x08000c5c       0xa8 ./system/src/stm32f3-stdperiph/stm32f30x_tim.o
                0x08000c5c                TIM_GetITStatus
 .text.TIM_ClearITPendingBit
                0x08000d04       0x6c ./system/src/stm32f3-stdperiph/stm32f30x_tim.o
                0x08000d04                TIM_ClearITPendingBit
 .text.USART_Init
                0x08000d70      0x188 ./system/src/stm32f3-stdperiph/stm32f30x_usart.o
                0x08000d70                USART_Init
 .text.USART_Cmd
                0x08000ef8       0x64 ./system/src/stm32f3-stdperiph/stm32f30x_usart.o
                0x08000ef8                USART_Cmd
 .text.USART_SendData
                0x08000f5c       0x58 ./system/src/stm32f3-stdperiph/stm32f30x_usart.o
                0x08000f5c                USART_SendData
 .text.USART_ReceiveData
                0x08000fb4       0x44 ./system/src/stm32f3-stdperiph/stm32f30x_usart.o
                0x08000fb4                USART_ReceiveData
 .text.USART_ITConfig
                0x08000ff8       0xf4 ./system/src/stm32f3-stdperiph/stm32f30x_usart.o
                0x08000ff8                USART_ITConfig
 .text.USART_GetITStatus
                0x080010ec      0x104 ./system/src/stm32f3-stdperiph/stm32f30x_usart.o
                0x080010ec                USART_GetITStatus
 .text.USART_ClearITPendingBit
                0x080011f0       0xc4 ./system/src/stm32f3-stdperiph/stm32f30x_usart.o
                0x080011f0                USART_ClearITPendingBit
 .text._exit    0x080012b4        0x2 ./system/src/newlib/_exit.o
                0x080012b4                _exit
 *fill*         0x080012b6        0x2 
 .text.abort    0x080012b8       0x14 ./system/src/newlib/_exit.o
                0x080012b8                abort
 .text._sbrk    0x080012cc       0x44 ./system/src/newlib/_sbrk.o
                0x080012cc                _sbrk
 .text.__initialize_args
                0x08001310       0x10 ./system/src/newlib/_syscalls.o
                0x08001310                __initialize_args
 .text.assert_failed
                0x08001320       0x14 ./system/src/newlib/assert.o
                0x08001320                assert_failed
 .text.trace_printf
                0x08001334       0x30 ./system/src/diag/Trace.o
                0x08001334                trace_printf
 .text.trace_puts
                0x08001364       0x20 ./system/src/diag/Trace.o
                0x08001364                trace_puts
 .text._trace_write_semihosting_debug
                0x08001384       0x60 ./system/src/diag/trace_impl.o
 .text.trace_write
                0x080013e4        0x8 ./system/src/diag/trace_impl.o
                0x080013e4                trace_write
 .text.__initialize_hardware_early
                0x080013ec       0x18 ./system/src/cortexm/_initialize_hardware.o
                0x080013ec                __initialize_hardware_early
 .text.__initialize_hardware
                0x08001404        0x8 ./system/src/cortexm/_initialize_hardware.o
                0x08001404                __initialize_hardware
 .text.dumpExceptionStack
                0x0800140c       0xf4 ./system/src/cortexm/exception_handlers.o
                0x0800140c                dumpExceptionStack
 .text.isSemihosting
                0x08001500       0x20 ./system/src/cortexm/exception_handlers.o
                0x08001500                isSemihosting
 .text.SetSysClock
                0x08001520       0xb0 ./system/src/cmsis/system_stm32f30x.o
 .text.SystemInit
                0x080015d0       0x64 ./system/src/cmsis/system_stm32f30x.o
                0x080015d0                SystemInit
 .text.SystemCoreClockUpdate
                0x08001634       0x8c ./system/src/cmsis/system_stm32f30x.o
                0x08001634                SystemCoreClockUpdate
 .text.ini_timer
                0x080016c0       0x60 ./src/ini.o
                0x080016c0                ini_timer
 .text.ini_USART
                0x08001720       0xa0 ./src/ini.o
                0x08001720                ini_USART
 .text.ini_LEDpushbutton
                0x080017c0       0x4c ./src/ini.o
                0x080017c0                ini_LEDpushbutton
 .text.ini_all  0x0800180c       0x38 ./src/ini.o
                0x0800180c                ini_all
 .text.print    0x08001844       0x34 ./src/main.o
                0x08001844                print
 .text.main     0x08001878       0x28 ./src/main.o
                0x08001878                main
 .text.TIM1_UP_TIM16_IRQHandler
                0x080018a0       0x48 ./src/main.o
                0x080018a0                TIM1_UP_TIM16_IRQHandler
 .text.USART2_IRQHandler
                0x080018e8       0x84 ./src/main.o
                0x080018e8                USART2_IRQHandler
 .text.__errno  0x0800196c        0xc c:/program files (x86)/gnu tools arm embedded/6.2 2016q4/bin/../lib/gcc/arm-none-eabi/6.2.1/../../../../arm-none-eabi/lib/thumb/v7e-m\libg_nano.a(lib_a-errno.o)
                0x0800196c                __errno
 .text.sprintf  0x08001978       0x48 c:/program files (x86)/gnu tools arm embedded/6.2 2016q4/bin/../lib/gcc/arm-none-eabi/6.2.1/../../../../arm-none-eabi/lib/thumb/v7e-m\libg_nano.a(lib_a-sprintf.o)
                0x08001978                siprintf
                0x08001978                sprintf
 .text          0x080019c0       0x10 c:/program files (x86)/gnu tools arm embedded/6.2 2016q4/bin/../lib/gcc/arm-none-eabi/6.2.1/../../../../arm-none-eabi/lib/thumb/v7e-m\libg_nano.a(lib_a-strlen.o)
                0x080019c0                strlen
 .text._vsnprintf_r
                0x080019d0       0x58 c:/program files (x86)/gnu tools arm embedded/6.2 2016q4/bin/../lib/gcc/arm-none-eabi/6.2.1/../../../../arm-none-eabi/lib/thumb/v7e-m\libg_nano.a(lib_a-vsnprintf.o)
                0x080019d0                _vsniprintf_r
                0x080019d0                _vsnprintf_r
 .text.vsnprintf
                0x08001a28       0x1c c:/program files (x86)/gnu tools arm embedded/6.2 2016q4/bin/../lib/gcc/arm-none-eabi/6.2.1/../../../../arm-none-eabi/lib/thumb/v7e-m\libg_nano.a(lib_a-vsnprintf.o)
                0x08001a28                vsniprintf
                0x08001a28                vsnprintf
 .text.__ssputs_r
                0x08001a44       0xb6 c:/program files (x86)/gnu tools arm embedded/6.2 2016q4/bin/../lib/gcc/arm-none-eabi/6.2.1/../../../../arm-none-eabi/lib/thumb/v7e-m\libg_nano.a(lib_a-nano-svfprintf.o)
                0x08001a44                __ssputs_r
 *fill*         0x08001afa        0x2 
 .text._svfprintf_r
                0x08001afc      0x1e8 c:/program files (x86)/gnu tools arm embedded/6.2 2016q4/bin/../lib/gcc/arm-none-eabi/6.2.1/../../../../arm-none-eabi/lib/thumb/v7e-m\libg_nano.a(lib_a-nano-svfprintf.o)
                0x08001afc                _svfiprintf_r
                0x08001afc                _svfprintf_r
 .text._printf_common
                0x08001ce4       0xec c:/program files (x86)/gnu tools arm embedded/6.2 2016q4/bin/../lib/gcc/arm-none-eabi/6.2.1/../../../../arm-none-eabi/lib/thumb/v7e-m\libg_nano.a(lib_a-nano-vfprintf_i.o)
                0x08001ce4                _printf_common
 .text._printf_i
                0x08001dd0      0x240 c:/program files (x86)/gnu tools arm embedded/6.2 2016q4/bin/../lib/gcc/arm-none-eabi/6.2.1/../../../../arm-none-eabi/lib/thumb/v7e-m\libg_nano.a(lib_a-nano-vfprintf_i.o)
                0x08001dd0                _printf_i
 .text          0x08002010       0xa0 c:/program files (x86)/gnu tools arm embedded/6.2 2016q4/bin/../lib/gcc/arm-none-eabi/6.2.1/../../../../arm-none-eabi/lib/thumb/v7e-m\libg_nano.a(lib_a-memchr.o)
                0x08002010                memchr
 .text.memcpy   0x080020b0       0x16 c:/program files (x86)/gnu tools arm embedded/6.2 2016q4/bin/../lib/gcc/arm-none-eabi/6.2.1/../../../../arm-none-eabi/lib/thumb/v7e-m\libg_nano.a(lib_a-memcpy-stub.o)
                0x080020b0                memcpy
 .text.memmove  0x080020c6       0x34 c:/program files (x86)/gnu tools arm embedded/6.2 2016q4/bin/../lib/gcc/arm-none-eabi/6.2.1/../../../../arm-none-eabi/lib/thumb/v7e-m\libg_nano.a(lib_a-memmove.o)
                0x080020c6                memmove
 *fill*         0x080020fa        0x2 
 .text._free_r  0x080020fc       0x9c c:/program files (x86)/gnu tools arm embedded/6.2 2016q4/bin/../lib/gcc/arm-none-eabi/6.2.1/../../../../arm-none-eabi/lib/thumb/v7e-m\libg_nano.a(lib_a-nano-freer.o)
                0x080020fc                _free_r
 .text._malloc_r
                0x08002198       0xbc c:/program files (x86)/gnu tools arm embedded/6.2 2016q4/bin/../lib/gcc/arm-none-eabi/6.2.1/../../../../arm-none-eabi/lib/thumb/v7e-m\libg_nano.a(lib_a-nano-mallocr.o)
                0x08002198                _malloc_r
 .text._realloc_r
                0x08002254       0x4c c:/program files (x86)/gnu tools arm embedded/6.2 2016q4/bin/../lib/gcc/arm-none-eabi/6.2.1/../../../../arm-none-eabi/lib/thumb/v7e-m\libg_nano.a(lib_a-nano-reallocr.o)
                0x08002254                _realloc_r
 .text._sbrk_r  0x080022a0       0x20 c:/program files (x86)/gnu tools arm embedded/6.2 2016q4/bin/../lib/gcc/arm-none-eabi/6.2.1/../../../../arm-none-eabi/lib/thumb/v7e-m\libg_nano.a(lib_a-sbrkr.o)
                0x080022a0                _sbrk_r
 .text.__malloc_lock
                0x080022c0        0x2 c:/program files (x86)/gnu tools arm embedded/6.2 2016q4/bin/../lib/gcc/arm-none-eabi/6.2.1/../../../../arm-none-eabi/lib/thumb/v7e-m\libg_nano.a(lib_a-mlock.o)
                0x080022c0                __malloc_lock
 .text.__malloc_unlock
                0x080022c2        0x2 c:/program files (x86)/gnu tools arm embedded/6.2 2016q4/bin/../lib/gcc/arm-none-eabi/6.2.1/../../../../arm-none-eabi/lib/thumb/v7e-m\libg_nano.a(lib_a-mlock.o)
                0x080022c2                __malloc_unlock
 .text._malloc_usable_size_r
                0x080022c4       0x12 c:/program files (x86)/gnu tools arm embedded/6.2 2016q4/bin/../lib/gcc/arm-none-eabi/6.2.1/../../../../arm-none-eabi/lib/thumb/v7e-m\libg_nano.a(lib_a-nano-msizer.o)
                0x080022c4                _malloc_usable_size_r
 *(.rodata .rodata.* .constdata .constdata.*)
 *fill*         0x080022d6        0x2 
 .rodata.GPIO_DeInit.str1.4
                0x080022d8       0x31 ./system/src/stm32f3-stdperiph/stm32f30x_gpio.o
 *fill*         0x08002309        0x3 
 .rodata.NVIC_PriorityGroupConfig.str1.4
                0x0800230c       0x31 ./system/src/stm32f3-stdperiph/stm32f30x_misc.o
 *fill*         0x0800233d        0x3 
 .rodata.RCC_HSEConfig.str1.4
                0x08002340       0x30 ./system/src/stm32f3-stdperiph/stm32f30x_rcc.o
 .rodata.TIM_DeInit.str1.4
                0x08002370       0x30 ./system/src/stm32f3-stdperiph/stm32f30x_tim.o
 .rodata.USART_DeInit.str1.4
                0x080023a0       0x32 ./system/src/stm32f3-stdperiph/stm32f30x_usart.o
 *fill*         0x080023d2        0x2 
 .rodata.abort.str1.4
                0x080023d4       0x14 ./system/src/newlib/_exit.o
 .rodata.assert_failed.str1.4
                0x080023e8       0x2b ./system/src/newlib/assert.o
 .rodata.trace_puts.str1.4
                0x08002413       0x2b ./system/src/diag/Trace.o
                                  0x2 (size before relaxing)
 *fill*         0x08002413        0x1 
 .rodata.dumpExceptionStack.str1.4
                0x08002414      0x11a ./system/src/cortexm/exception_handlers.o
 *fill*         0x0800252e        0x2 
 .rodata.str1.4
                0x08002530       0x2a ./system/src/cortexm/exception_handlers.o
 *fill*         0x0800255a        0x2 
 .rodata.main.str1.4
                0x0800255c       0x10 ./src/main.o
                                  0xf (size before relaxing)
 .rodata._svfprintf_r.str1.1
                0x0800256c       0x11 c:/program files (x86)/gnu tools arm embedded/6.2 2016q4/bin/../lib/gcc/arm-none-eabi/6.2.1/../../../../arm-none-eabi/lib/thumb/v7e-m\libg_nano.a(lib_a-nano-svfprintf.o)
 .rodata._printf_i.str1.1
                0x0800257d       0x22 c:/program files (x86)/gnu tools arm embedded/6.2 2016q4/bin/../lib/gcc/arm-none-eabi/6.2.1/../../../../arm-none-eabi/lib/thumb/v7e-m\libg_nano.a(lib_a-nano-vfprintf_i.o)
 *(vtable)
 *(.eh_frame*)
 *(.glue_7)
 .glue_7        0x0800259f        0x0 linker stubs
 *(.glue_7t)
 .glue_7t       0x0800259f        0x0 linker stubs

.vfp11_veneer   0x080025a0        0x0
 .vfp11_veneer  0x080025a0        0x0 linker stubs

.v4_bx          0x080025a0        0x0
 .v4_bx         0x080025a0        0x0 linker stubs

.iplt           0x080025a0        0x0
 .iplt          0x080025a0        0x0 ./system/src/stm32f3-stdperiph/stm32f30x_gpio.o

.rel.dyn        0x080025a0        0x0
 .rel.iplt      0x080025a0        0x0 ./system/src/stm32f3-stdperiph/stm32f30x_gpio.o

.ARM.extab
 *(.ARM.extab* .gnu.linkonce.armextab.*)
                0x080025a0                . = ALIGN (0x4)
                0x080025a0                __exidx_start = .

.ARM.exidx
 *(.ARM.exidx* .gnu.linkonce.armexidx.*)
                0x080025a0                __exidx_end = .
                0x080025a0                . = ALIGN (0x4)
                0x080025a0                _etext = .
                0x080025a0                __etext = .

.data_CCMRAM    0x10000000        0x0 load address 0x080025a0
 FILL mask 0xff
 *(.data.CCMRAM .data.CCMRAM.*)
                0x10000000                . = ALIGN (0x4)
                0x080025a0                _sidata = LOADADDR (.data)

.data           0x20000000       0xb4 load address 0x080025a0
 FILL mask 0xff
                0x20000000                _sdata = .
                0x20000000                __data_start__ = .
 *(.data_begin .data_begin.*)
 .data_begin    0x20000000        0x4 ./system/src/newlib/_startup.o
 *(.data .data.*)
 .data.ADCPrescTable
                0x20000004       0x1a ./system/src/stm32f3-stdperiph/stm32f30x_rcc.o
 *fill*         0x2000001e        0x2 ff
 .data.APBAHBPrescTable
                0x20000020       0x10 ./system/src/stm32f3-stdperiph/stm32f30x_rcc.o
 .data.argv.4243
                0x20000030        0x8 ./system/src/newlib/_syscalls.o
 .data.AHBPrescTable
                0x20000038       0x10 ./system/src/cmsis/system_stm32f30x.o
                0x20000038                AHBPrescTable
 .data.SystemCoreClock
                0x20000048        0x4 ./system/src/cmsis/system_stm32f30x.o
                0x20000048                SystemCoreClock
 .data._impure_ptr
                0x2000004c        0x4 c:/program files (x86)/gnu tools arm embedded/6.2 2016q4/bin/../lib/gcc/arm-none-eabi/6.2.1/../../../../arm-none-eabi/lib/thumb/v7e-m\libg_nano.a(lib_a-impure.o)
                0x2000004c                _impure_ptr
 .data.impure_data
                0x20000050       0x60 c:/program files (x86)/gnu tools arm embedded/6.2 2016q4/bin/../lib/gcc/arm-none-eabi/6.2.1/../../../../arm-none-eabi/lib/thumb/v7e-m\libg_nano.a(lib_a-impure.o)
 *(.data_end .data_end.*)
 .data_end      0x200000b0        0x4 ./system/src/newlib/_startup.o
                0x200000b4                . = ALIGN (0x4)
                0x200000b4                _edata = .
                0x200000b4                __data_end__ = .

.igot.plt       0x200000b4        0x0 load address 0x08002654
 .igot.plt      0x200000b4        0x0 ./system/src/stm32f3-stdperiph/stm32f30x_gpio.o

.bss_CCMRAM     0x10000000        0x0
 *(.bss.CCMRAM .bss.CCMRAM.*)

.bss            0x200000b4       0xd0
                0x200000b4                __bss_start__ = .
                0x200000b4                _sbss = .
 *(.bss_begin .bss_begin.*)
 .bss_begin     0x200000b4        0x4 ./system/src/newlib/_startup.o
 *(.bss .bss.*)
 .bss.current_heap_end.3927
                0x200000b8        0x4 ./system/src/newlib/_sbrk.o
 .bss.name.4242
                0x200000bc        0x1 ./system/src/newlib/_syscalls.o
 *fill*         0x200000bd        0x3 
 .bss.buf.5132  0x200000c0       0x80 ./system/src/diag/Trace.o
 .bss.send_buffer
                0x20000140       0x32 ./src/main.o
                0x20000140                send_buffer
 .bss.send_index
                0x20000172        0x1 ./src/main.o
                0x20000172                send_index
 .bss.tmp.7129  0x20000173        0x1 ./src/main.o
 .bss.__malloc_free_list
                0x20000174        0x4 c:/program files (x86)/gnu tools arm embedded/6.2 2016q4/bin/../lib/gcc/arm-none-eabi/6.2.1/../../../../arm-none-eabi/lib/thumb/v7e-m\libg_nano.a(lib_a-nano-mallocr.o)
                0x20000174                __malloc_free_list
 .bss.__malloc_sbrk_start
                0x20000178        0x4 c:/program files (x86)/gnu tools arm embedded/6.2 2016q4/bin/../lib/gcc/arm-none-eabi/6.2.1/../../../../arm-none-eabi/lib/thumb/v7e-m\libg_nano.a(lib_a-nano-mallocr.o)
                0x20000178                __malloc_sbrk_start
 *(COMMON)
 COMMON         0x2000017c        0x4 ./system/src/newlib/_syscalls.o
                0x2000017c                errno
 *(.bss_end .bss_end.*)
 .bss_end       0x20000180        0x4 ./system/src/newlib/_startup.o
                0x20000184                . = ALIGN (0x4)
                0x20000184                __bss_end__ = .
                0x20000184                _ebss = .

.noinit_CCMRAM
 *(.noinit.CCMRAM .noinit.CCMRAM.*)

.noinit         0x20000184        0x0
                0x20000184                _noinit = .
 *(.noinit .noinit.*)
                0x20000184                . = ALIGN (0x4)
                0x20000184                _end_noinit = .
                [!provide]                PROVIDE (end, _end_noinit)
                [!provide]                PROVIDE (_end, _end_noinit)
                [!provide]                PROVIDE (__end, _end_noinit)
                [!provide]                PROVIDE (__end__, _end_noinit)

._check_stack   0x20000184      0x100
                0x20000284                . = (. + _Minimum_Stack_Size)
 *fill*         0x20000184      0x100 

.b1text
 *(.b1text)
 *(.b1rodata)
 *(.b1rodata.*)

.eb0text
 *(.eb0text)
 *(.eb0rodata)
 *(.eb0rodata.*)

.eb1text
 *(.eb1text)
 *(.eb1rodata)
 *(.eb1rodata.*)

.eb2text
 *(.eb2text)
 *(.eb2rodata)
 *(.eb2rodata.*)

.eb3text
 *(.eb3text)
 *(.eb3rodata)
 *(.eb3rodata.*)

.stab
 *(.stab)

.stabstr
 *(.stabstr)

.stab.excl
 *(.stab.excl)

.stab.exclstr
 *(.stab.exclstr)

.stab.index
 *(.stab.index)

.stab.indexstr
 *(.stab.indexstr)

.comment        0x00000000       0x6e
 *(.comment)
 .comment       0x00000000       0x6e ./system/src/stm32f3-stdperiph/stm32f30x_gpio.o
                                 0x6f (size before relaxing)
 .comment       0x0000006e       0x6f ./system/src/stm32f3-stdperiph/stm32f30x_misc.o
 .comment       0x0000006e       0x6f ./system/src/stm32f3-stdperiph/stm32f30x_rcc.o
 .comment       0x0000006e       0x6f ./system/src/stm32f3-stdperiph/stm32f30x_tim.o
 .comment       0x0000006e       0x6f ./system/src/stm32f3-stdperiph/stm32f30x_usart.o
 .comment       0x0000006e       0x6f ./system/src/newlib/_exit.o
 .comment       0x0000006e       0x6f ./system/src/newlib/_sbrk.o
 .comment       0x0000006e       0x6f ./system/src/newlib/_startup.o
 .comment       0x0000006e       0x6f ./system/src/newlib/_syscalls.o
 .comment       0x0000006e       0x6f ./system/src/newlib/assert.o
 .comment       0x0000006e       0x6f ./system/src/diag/Trace.o
 .comment       0x0000006e       0x6f ./system/src/diag/trace_impl.o
 .comment       0x0000006e       0x6f ./system/src/cortexm/_initialize_hardware.o
 .comment       0x0000006e       0x6f ./system/src/cortexm/exception_handlers.o
 .comment       0x0000006e       0x6f ./system/src/cmsis/system_stm32f30x.o
 .comment       0x0000006e       0x6f ./system/src/cmsis/vectors_stm32f30x.o
 .comment       0x0000006e       0x6f ./src/ini.o
 .comment       0x0000006e       0x6f ./src/main.o

.ARM.attributes
                0x00000000       0x31
 .ARM.attributes
                0x00000000       0x33 ./system/src/stm32f3-stdperiph/stm32f30x_gpio.o
 .ARM.attributes
                0x00000033       0x33 ./system/src/stm32f3-stdperiph/stm32f30x_misc.o
 .ARM.attributes
                0x00000066       0x33 ./system/src/stm32f3-stdperiph/stm32f30x_rcc.o
 .ARM.attributes
                0x00000099       0x33 ./system/src/stm32f3-stdperiph/stm32f30x_tim.o
 .ARM.attributes
                0x000000cc       0x33 ./system/src/stm32f3-stdperiph/stm32f30x_usart.o
 .ARM.attributes
                0x000000ff       0x33 ./system/src/newlib/_exit.o
 .ARM.attributes
                0x00000132       0x33 ./system/src/newlib/_sbrk.o
 .ARM.attributes
                0x00000165       0x33 ./system/src/newlib/_startup.o
 .ARM.attributes
                0x00000198       0x33 ./system/src/newlib/_syscalls.o
 .ARM.attributes
                0x000001cb       0x33 ./system/src/newlib/assert.o
 .ARM.attributes
                0x000001fe       0x33 ./system/src/diag/Trace.o
 .ARM.attributes
                0x00000231       0x33 ./system/src/diag/trace_impl.o
 .ARM.attributes
                0x00000264       0x33 ./system/src/cortexm/_initialize_hardware.o
 .ARM.attributes
                0x00000297       0x33 ./system/src/cortexm/exception_handlers.o
 .ARM.attributes
                0x000002ca       0x33 ./system/src/cmsis/system_stm32f30x.o
 .ARM.attributes
                0x000002fd       0x33 ./system/src/cmsis/vectors_stm32f30x.o
 .ARM.attributes
                0x00000330       0x33 ./src/ini.o
 .ARM.attributes
                0x00000363       0x33 ./src/main.o
 .ARM.attributes
                0x00000396       0x2e c:/program files (x86)/gnu tools arm embedded/6.2 2016q4/bin/../lib/gcc/arm-none-eabi/6.2.1/../../../../arm-none-eabi/lib/thumb/v7e-m\libg_nano.a(lib_a-errno.o)
 .ARM.attributes
                0x000003c4       0x2e c:/program files (x86)/gnu tools arm embedded/6.2 2016q4/bin/../lib/gcc/arm-none-eabi/6.2.1/../../../../arm-none-eabi/lib/thumb/v7e-m\libg_nano.a(lib_a-impure.o)
 .ARM.attributes
                0x000003f2       0x2e c:/program files (x86)/gnu tools arm embedded/6.2 2016q4/bin/../lib/gcc/arm-none-eabi/6.2.1/../../../../arm-none-eabi/lib/thumb/v7e-m\libg_nano.a(lib_a-sprintf.o)
 .ARM.attributes
                0x00000420       0x17 c:/program files (x86)/gnu tools arm embedded/6.2 2016q4/bin/../lib/gcc/arm-none-eabi/6.2.1/../../../../arm-none-eabi/lib/thumb/v7e-m\libg_nano.a(lib_a-strlen.o)
 .ARM.attributes
                0x00000437       0x2e c:/program files (x86)/gnu tools arm embedded/6.2 2016q4/bin/../lib/gcc/arm-none-eabi/6.2.1/../../../../arm-none-eabi/lib/thumb/v7e-m\libg_nano.a(lib_a-vsnprintf.o)
 .ARM.attributes
                0x00000465       0x2e c:/program files (x86)/gnu tools arm embedded/6.2 2016q4/bin/../lib/gcc/arm-none-eabi/6.2.1/../../../../arm-none-eabi/lib/thumb/v7e-m\libg_nano.a(lib_a-nano-svfprintf.o)
 .ARM.attributes
                0x00000493       0x2e c:/program files (x86)/gnu tools arm embedded/6.2 2016q4/bin/../lib/gcc/arm-none-eabi/6.2.1/../../../../arm-none-eabi/lib/thumb/v7e-m\libg_nano.a(lib_a-nano-vfprintf_i.o)
 .ARM.attributes
                0x000004c1       0x1c c:/program files (x86)/gnu tools arm embedded/6.2 2016q4/bin/../lib/gcc/arm-none-eabi/6.2.1/../../../../arm-none-eabi/lib/thumb/v7e-m\libg_nano.a(lib_a-memchr.o)
 .ARM.attributes
                0x000004dd       0x2e c:/program files (x86)/gnu tools arm embedded/6.2 2016q4/bin/../lib/gcc/arm-none-eabi/6.2.1/../../../../arm-none-eabi/lib/thumb/v7e-m\libg_nano.a(lib_a-memcpy-stub.o)
 .ARM.attributes
                0x0000050b       0x2e c:/program files (x86)/gnu tools arm embedded/6.2 2016q4/bin/../lib/gcc/arm-none-eabi/6.2.1/../../../../arm-none-eabi/lib/thumb/v7e-m\libg_nano.a(lib_a-memmove.o)
 .ARM.attributes
                0x00000539       0x2e c:/program files (x86)/gnu tools arm embedded/6.2 2016q4/bin/../lib/gcc/arm-none-eabi/6.2.1/../../../../arm-none-eabi/lib/thumb/v7e-m\libg_nano.a(lib_a-nano-freer.o)
 .ARM.attributes
                0x00000567       0x2e c:/program files (x86)/gnu tools arm embedded/6.2 2016q4/bin/../lib/gcc/arm-none-eabi/6.2.1/../../../../arm-none-eabi/lib/thumb/v7e-m\libg_nano.a(lib_a-nano-mallocr.o)
 .ARM.attributes
                0x00000595       0x2e c:/program files (x86)/gnu tools arm embedded/6.2 2016q4/bin/../lib/gcc/arm-none-eabi/6.2.1/../../../../arm-none-eabi/lib/thumb/v7e-m\libg_nano.a(lib_a-nano-reallocr.o)
 .ARM.attributes
                0x000005c3       0x2e c:/program files (x86)/gnu tools arm embedded/6.2 2016q4/bin/../lib/gcc/arm-none-eabi/6.2.1/../../../../arm-none-eabi/lib/thumb/v7e-m\libg_nano.a(lib_a-sbrkr.o)
 .ARM.attributes
                0x000005f1       0x2e c:/program files (x86)/gnu tools arm embedded/6.2 2016q4/bin/../lib/gcc/arm-none-eabi/6.2.1/../../../../arm-none-eabi/lib/thumb/v7e-m\libg_nano.a(lib_a-mlock.o)
 .ARM.attributes
                0x0000061f       0x2e c:/program files (x86)/gnu tools arm embedded/6.2 2016q4/bin/../lib/gcc/arm-none-eabi/6.2.1/../../../../arm-none-eabi/lib/thumb/v7e-m\libg_nano.a(lib_a-nano-msizer.o)

.debug
 *(.debug)

.line
 *(.line)

.debug_srcinfo
 *(.debug_srcinfo)

.debug_sfnames
 *(.debug_sfnames)

.debug_aranges  0x00000000      0xa18
 *(.debug_aranges)
 .debug_aranges
                0x00000000       0x80 ./system/src/stm32f3-stdperiph/stm32f30x_gpio.o
 .debug_aranges
                0x00000080       0x40 ./system/src/stm32f3-stdperiph/stm32f30x_misc.o
 .debug_aranges
                0x000000c0      0x150 ./system/src/stm32f3-stdperiph/stm32f30x_rcc.o
 .debug_aranges
                0x00000210      0x3a8 ./system/src/stm32f3-stdperiph/stm32f30x_tim.o
 .debug_aranges
                0x000005b8      0x1a0 ./system/src/stm32f3-stdperiph/stm32f30x_usart.o
 .debug_aranges
                0x00000758       0x28 ./system/src/newlib/_exit.o
 .debug_aranges
                0x00000780       0x20 ./system/src/newlib/_sbrk.o
 .debug_aranges
                0x000007a0       0x40 ./system/src/newlib/_startup.o
 .debug_aranges
                0x000007e0       0x30 ./system/src/newlib/_syscalls.o
 .debug_aranges
                0x00000810       0x28 ./system/src/newlib/assert.o
 .debug_aranges
                0x00000838       0x38 ./system/src/diag/Trace.o
 .debug_aranges
                0x00000870       0x30 ./system/src/diag/trace_impl.o
 .debug_aranges
                0x000008a0       0x28 ./system/src/cortexm/_initialize_hardware.o
 .debug_aranges
                0x000008c8       0x90 ./system/src/cortexm/exception_handlers.o
 .debug_aranges
                0x00000958       0x30 ./system/src/cmsis/system_stm32f30x.o
 .debug_aranges
                0x00000988       0x20 ./system/src/cmsis/vectors_stm32f30x.o
 .debug_aranges
                0x000009a8       0x38 ./src/ini.o
 .debug_aranges
                0x000009e0       0x38 ./src/main.o

.debug_pubnames
 *(.debug_pubnames)

.debug_info     0x00000000     0xeb6b
 *(.debug_info .gnu.linkonce.wi.*)
 .debug_info    0x00000000      0xa3f ./system/src/stm32f3-stdperiph/stm32f30x_gpio.o
 .debug_info    0x00000a3f      0x63a ./system/src/stm32f3-stdperiph/stm32f30x_misc.o
 .debug_info    0x00001079      0xf84 ./system/src/stm32f3-stdperiph/stm32f30x_rcc.o
 .debug_info    0x00001ffd     0x41c8 ./system/src/stm32f3-stdperiph/stm32f30x_tim.o
 .debug_info    0x000061c5     0x1b71 ./system/src/stm32f3-stdperiph/stm32f30x_usart.o
 .debug_info    0x00007d36      0x952 ./system/src/newlib/_exit.o
 .debug_info    0x00008688      0x93e ./system/src/newlib/_sbrk.o
 .debug_info    0x00008fc6      0x4c7 ./system/src/newlib/_startup.o
 .debug_info    0x0000948d      0xa15 ./system/src/newlib/_syscalls.o
 .debug_info    0x00009ea2      0x9fb ./system/src/newlib/assert.o
 .debug_info    0x0000a89d      0xb26 ./system/src/diag/Trace.o
 .debug_info    0x0000b3c3      0x36c ./system/src/diag/trace_impl.o
 .debug_info    0x0000b72f      0x2bc ./system/src/cortexm/_initialize_hardware.o
 .debug_info    0x0000b9eb     0x1155 ./system/src/cortexm/exception_handlers.o
 .debug_info    0x0000cb40      0x4ac ./system/src/cmsis/system_stm32f30x.o
 .debug_info    0x0000cfec       0xd1 ./system/src/cmsis/vectors_stm32f30x.o
 .debug_info    0x0000d0bd      0xb2e ./src/ini.o
 .debug_info    0x0000dbeb      0xf80 ./src/main.o

.debug_abbrev   0x00000000     0x21e2
 *(.debug_abbrev)
 .debug_abbrev  0x00000000      0x1f8 ./system/src/stm32f3-stdperiph/stm32f30x_gpio.o
 .debug_abbrev  0x000001f8      0x192 ./system/src/stm32f3-stdperiph/stm32f30x_misc.o
 .debug_abbrev  0x0000038a      0x232 ./system/src/stm32f3-stdperiph/stm32f30x_rcc.o
 .debug_abbrev  0x000005bc      0x1da ./system/src/stm32f3-stdperiph/stm32f30x_tim.o
 .debug_abbrev  0x00000796      0x1d1 ./system/src/stm32f3-stdperiph/stm32f30x_usart.o
 .debug_abbrev  0x00000967      0x1f3 ./system/src/newlib/_exit.o
 .debug_abbrev  0x00000b5a      0x1fc ./system/src/newlib/_sbrk.o
 .debug_abbrev  0x00000d56      0x1e2 ./system/src/newlib/_startup.o
 .debug_abbrev  0x00000f38      0x234 ./system/src/newlib/_syscalls.o
 .debug_abbrev  0x0000116c      0x1f3 ./system/src/newlib/assert.o
 .debug_abbrev  0x0000135f      0x276 ./system/src/diag/Trace.o
 .debug_abbrev  0x000015d5      0x1d3 ./system/src/diag/trace_impl.o
 .debug_abbrev  0x000017a8       0xea ./system/src/cortexm/_initialize_hardware.o
 .debug_abbrev  0x00001892      0x329 ./system/src/cortexm/exception_handlers.o
 .debug_abbrev  0x00001bbb      0x175 ./system/src/cmsis/system_stm32f30x.o
 .debug_abbrev  0x00001d30       0x9d ./system/src/cmsis/vectors_stm32f30x.o
 .debug_abbrev  0x00001dcd      0x182 ./src/ini.o
 .debug_abbrev  0x00001f4f      0x293 ./src/main.o

.debug_line     0x00000000     0x7e8d
 *(.debug_line)
 .debug_line    0x00000000      0x73e ./system/src/stm32f3-stdperiph/stm32f30x_gpio.o
 .debug_line    0x0000073e      0x423 ./system/src/stm32f3-stdperiph/stm32f30x_misc.o
 .debug_line    0x00000b61      0xaa2 ./system/src/stm32f3-stdperiph/stm32f30x_rcc.o
 .debug_line    0x00001603     0x2496 ./system/src/stm32f3-stdperiph/stm32f30x_tim.o
 .debug_line    0x00003a99      0xfdc ./system/src/stm32f3-stdperiph/stm32f30x_usart.o
 .debug_line    0x00004a75      0x34f ./system/src/newlib/_exit.o
 .debug_line    0x00004dc4      0x304 ./system/src/newlib/_sbrk.o
 .debug_line    0x000050c8      0x3cc ./system/src/newlib/_startup.o
 .debug_line    0x00005494      0x41c ./system/src/newlib/_syscalls.o
 .debug_line    0x000058b0      0x38a ./system/src/newlib/assert.o
 .debug_line    0x00005c3a      0x3bb ./system/src/diag/Trace.o
 .debug_line    0x00005ff5      0x641 ./system/src/diag/trace_impl.o
 .debug_line    0x00006636      0x37f ./system/src/cortexm/_initialize_hardware.o
 .debug_line    0x000069b5      0x6f8 ./system/src/cortexm/exception_handlers.o
 .debug_line    0x000070ad      0x3cb ./system/src/cmsis/system_stm32f30x.o
 .debug_line    0x00007478      0x103 ./system/src/cmsis/vectors_stm32f30x.o
 .debug_line    0x0000757b      0x3a9 ./src/ini.o
 .debug_line    0x00007924      0x569 ./src/main.o

.debug_frame    0x00000000     0x2030
 *(.debug_frame)
 .debug_frame   0x00000000      0x168 ./system/src/stm32f3-stdperiph/stm32f30x_gpio.o
 .debug_frame   0x00000168       0x90 ./system/src/stm32f3-stdperiph/stm32f30x_misc.o
 .debug_frame   0x000001f8      0x3d0 ./system/src/stm32f3-stdperiph/stm32f30x_rcc.o
 .debug_frame   0x000005c8      0xc6c ./system/src/stm32f3-stdperiph/stm32f30x_tim.o
 .debug_frame   0x00001234      0x554 ./system/src/stm32f3-stdperiph/stm32f30x_usart.o
 .debug_frame   0x00001788       0x38 ./system/src/newlib/_exit.o
 .debug_frame   0x000017c0       0x28 ./system/src/newlib/_sbrk.o
 .debug_frame   0x000017e8       0x7c ./system/src/newlib/_startup.o
 .debug_frame   0x00001864       0x50 ./system/src/newlib/_syscalls.o
 .debug_frame   0x000018b4       0x40 ./system/src/newlib/assert.o
 .debug_frame   0x000018f4       0x94 ./system/src/diag/Trace.o
 .debug_frame   0x00001988       0x64 ./system/src/diag/trace_impl.o
 .debug_frame   0x000019ec       0x40 ./system/src/cortexm/_initialize_hardware.o
 .debug_frame   0x00001a2c      0x158 ./system/src/cortexm/exception_handlers.o
 .debug_frame   0x00001b84       0x54 ./system/src/cmsis/system_stm32f30x.o
 .debug_frame   0x00001bd8       0x20 ./system/src/cmsis/vectors_stm32f30x.o
 .debug_frame   0x00001bf8       0x8c ./src/ini.o
 .debug_frame   0x00001c84       0x74 ./src/main.o
 .debug_frame   0x00001cf8       0x20 c:/program files (x86)/gnu tools arm embedded/6.2 2016q4/bin/../lib/gcc/arm-none-eabi/6.2.1/../../../../arm-none-eabi/lib/thumb/v7e-m\libg_nano.a(lib_a-errno.o)
 .debug_frame   0x00001d18       0x70 c:/program files (x86)/gnu tools arm embedded/6.2 2016q4/bin/../lib/gcc/arm-none-eabi/6.2.1/../../../../arm-none-eabi/lib/thumb/v7e-m\libg_nano.a(lib_a-sprintf.o)
 .debug_frame   0x00001d88       0x4c c:/program files (x86)/gnu tools arm embedded/6.2 2016q4/bin/../lib/gcc/arm-none-eabi/6.2.1/../../../../arm-none-eabi/lib/thumb/v7e-m\libg_nano.a(lib_a-vsnprintf.o)
 .debug_frame   0x00001dd4       0x90 c:/program files (x86)/gnu tools arm embedded/6.2 2016q4/bin/../lib/gcc/arm-none-eabi/6.2.1/../../../../arm-none-eabi/lib/thumb/v7e-m\libg_nano.a(lib_a-nano-svfprintf.o)
 .debug_frame   0x00001e64       0x60 c:/program files (x86)/gnu tools arm embedded/6.2 2016q4/bin/../lib/gcc/arm-none-eabi/6.2.1/../../../../arm-none-eabi/lib/thumb/v7e-m\libg_nano.a(lib_a-nano-vfprintf_i.o)
 .debug_frame   0x00001ec4       0x28 c:/program files (x86)/gnu tools arm embedded/6.2 2016q4/bin/../lib/gcc/arm-none-eabi/6.2.1/../../../../arm-none-eabi/lib/thumb/v7e-m\libg_nano.a(lib_a-memcpy-stub.o)
 .debug_frame   0x00001eec       0x28 c:/program files (x86)/gnu tools arm embedded/6.2 2016q4/bin/../lib/gcc/arm-none-eabi/6.2.1/../../../../arm-none-eabi/lib/thumb/v7e-m\libg_nano.a(lib_a-memmove.o)
 .debug_frame   0x00001f14       0x38 c:/program files (x86)/gnu tools arm embedded/6.2 2016q4/bin/../lib/gcc/arm-none-eabi/6.2.1/../../../../arm-none-eabi/lib/thumb/v7e-m\libg_nano.a(lib_a-nano-freer.o)
 .debug_frame   0x00001f4c       0x2c c:/program files (x86)/gnu tools arm embedded/6.2 2016q4/bin/../lib/gcc/arm-none-eabi/6.2.1/../../../../arm-none-eabi/lib/thumb/v7e-m\libg_nano.a(lib_a-nano-mallocr.o)
 .debug_frame   0x00001f78       0x3c c:/program files (x86)/gnu tools arm embedded/6.2 2016q4/bin/../lib/gcc/arm-none-eabi/6.2.1/../../../../arm-none-eabi/lib/thumb/v7e-m\libg_nano.a(lib_a-nano-reallocr.o)
 .debug_frame   0x00001fb4       0x2c c:/program files (x86)/gnu tools arm embedded/6.2 2016q4/bin/../lib/gcc/arm-none-eabi/6.2.1/../../../../arm-none-eabi/lib/thumb/v7e-m\libg_nano.a(lib_a-sbrkr.o)
 .debug_frame   0x00001fe0       0x30 c:/program files (x86)/gnu tools arm embedded/6.2 2016q4/bin/../lib/gcc/arm-none-eabi/6.2.1/../../../../arm-none-eabi/lib/thumb/v7e-m\libg_nano.a(lib_a-mlock.o)
 .debug_frame   0x00002010       0x20 c:/program files (x86)/gnu tools arm embedded/6.2 2016q4/bin/../lib/gcc/arm-none-eabi/6.2.1/../../../../arm-none-eabi/lib/thumb/v7e-m\libg_nano.a(lib_a-nano-msizer.o)

.debug_str      0x00000000    0x5cfe0
 *(.debug_str)
 .debug_str     0x00000000    0x53622 ./system/src/stm32f3-stdperiph/stm32f30x_gpio.o
                              0x537ce (size before relaxing)
 .debug_str     0x00053622      0x269 ./system/src/stm32f3-stdperiph/stm32f30x_misc.o
                              0x5371c (size before relaxing)
 .debug_str     0x0005388b      0xa59 ./system/src/stm32f3-stdperiph/stm32f30x_rcc.o
                              0x53f6c (size before relaxing)
 .debug_str     0x000542e4      0xe15 ./system/src/stm32f3-stdperiph/stm32f30x_tim.o
                              0x5438d (size before relaxing)
 .debug_str     0x000550f9      0x804 ./system/src/stm32f3-stdperiph/stm32f30x_usart.o
                              0x53e80 (size before relaxing)
 .debug_str     0x000558fd     0x4c56 ./system/src/newlib/_exit.o
                               0x73a3 (size before relaxing)
 .debug_str     0x0005a553      0x4f5 ./system/src/newlib/_sbrk.o
                               0x676e (size before relaxing)
 .debug_str     0x0005aa48      0x2c6 ./system/src/newlib/_startup.o
                               0x5f93 (size before relaxing)
 .debug_str     0x0005ad0e      0xe2c ./system/src/newlib/_syscalls.o
                               0x75ea (size before relaxing)
 .debug_str     0x0005bb3a       0xd0 ./system/src/newlib/assert.o
                               0x7ea8 (size before relaxing)
 .debug_str     0x0005bc0a      0x883 ./system/src/diag/Trace.o
                               0x7b89 (size before relaxing)
 .debug_str     0x0005c48d      0x37b ./system/src/diag/trace_impl.o
                              0x5745a (size before relaxing)
 .debug_str     0x0005c808       0x5e ./system/src/cortexm/_initialize_hardware.o
                              0x5357a (size before relaxing)
 .debug_str     0x0005c866      0x19d ./system/src/cortexm/exception_handlers.o
                              0x585f2 (size before relaxing)
 .debug_str     0x0005ca03       0x6b ./system/src/cmsis/system_stm32f30x.o
                              0x5360b (size before relaxing)
 .debug_str     0x0005ca6e       0x57 ./system/src/cmsis/vectors_stm32f30x.o
                               0x30e4 (size before relaxing)
 .debug_str     0x0005cac5      0x4a3 ./src/ini.o
                              0x53d8a (size before relaxing)
 .debug_str     0x0005cf68       0x78 ./src/main.o
                              0x568b6 (size before relaxing)

.debug_loc      0x00000000     0x60bd
 *(.debug_loc)
 .debug_loc     0x00000000      0x4de ./system/src/stm32f3-stdperiph/stm32f30x_gpio.o
 .debug_loc     0x000004de      0x16a ./system/src/stm32f3-stdperiph/stm32f30x_misc.o
 .debug_loc     0x00000648      0xde2 ./system/src/stm32f3-stdperiph/stm32f30x_rcc.o
 .debug_loc     0x0000142a     0x2eab ./system/src/stm32f3-stdperiph/stm32f30x_tim.o
 .debug_loc     0x000042d5     0x133f ./system/src/stm32f3-stdperiph/stm32f30x_usart.o
 .debug_loc     0x00005614       0x85 ./system/src/newlib/_sbrk.o
 .debug_loc     0x00005699      0x2d3 ./system/src/newlib/_startup.o
 .debug_loc     0x0000596c       0x63 ./system/src/newlib/_syscalls.o
 .debug_loc     0x000059cf      0x134 ./system/src/newlib/assert.o
 .debug_loc     0x00005b03       0xf6 ./system/src/diag/Trace.o
 .debug_loc     0x00005bf9      0x121 ./system/src/diag/trace_impl.o
 .debug_loc     0x00005d1a      0x291 ./system/src/cortexm/exception_handlers.o
 .debug_loc     0x00005fab       0xff ./system/src/cmsis/system_stm32f30x.o
 .debug_loc     0x000060aa       0x13 ./src/main.o

.debug_macinfo
 *(.debug_macinfo)

.debug_weaknames
 *(.debug_weaknames)

.debug_funcnames
 *(.debug_funcnames)

.debug_typenames
 *(.debug_typenames)

.debug_varnames
 *(.debug_varnames)
OUTPUT(testLED.elf elf32-littlearm)

.debug_ranges   0x00000000      0x970
 .debug_ranges  0x00000000       0x70 ./system/src/stm32f3-stdperiph/stm32f30x_gpio.o
 .debug_ranges  0x00000070       0x30 ./system/src/stm32f3-stdperiph/stm32f30x_misc.o
 .debug_ranges  0x000000a0      0x140 ./system/src/stm32f3-stdperiph/stm32f30x_rcc.o
 .debug_ranges  0x000001e0      0x398 ./system/src/stm32f3-stdperiph/stm32f30x_tim.o
 .debug_ranges  0x00000578      0x190 ./system/src/stm32f3-stdperiph/stm32f30x_usart.o
 .debug_ranges  0x00000708       0x18 ./system/src/newlib/_exit.o
 .debug_ranges  0x00000720       0x10 ./system/src/newlib/_sbrk.o
 .debug_ranges  0x00000730       0x90 ./system/src/newlib/_startup.o
 .debug_ranges  0x000007c0       0x20 ./system/src/newlib/_syscalls.o
 .debug_ranges  0x000007e0       0x18 ./system/src/newlib/assert.o
 .debug_ranges  0x000007f8       0x28 ./system/src/diag/Trace.o
 .debug_ranges  0x00000820       0x38 ./system/src/diag/trace_impl.o
 .debug_ranges  0x00000858       0x18 ./system/src/cortexm/_initialize_hardware.o
 .debug_ranges  0x00000870       0x80 ./system/src/cortexm/exception_handlers.o
 .debug_ranges  0x000008f0       0x20 ./system/src/cmsis/system_stm32f30x.o
 .debug_ranges  0x00000910       0x10 ./system/src/cmsis/vectors_stm32f30x.o
 .debug_ranges  0x00000920       0x28 ./src/ini.o
 .debug_ranges  0x00000948       0x28 ./src/main.o

.debug_macro    0x00000000    0x11ad5
 .debug_macro   0x00000000      0x16c ./system/src/stm32f3-stdperiph/stm32f30x_gpio.o
 .debug_macro   0x0000016c      0x8c2 ./system/src/stm32f3-stdperiph/stm32f30x_gpio.o
 .debug_macro   0x00000a2e       0x6e ./system/src/stm32f3-stdperiph/stm32f30x_gpio.o
 .debug_macro   0x00000a9c      0x34e ./system/src/stm32f3-stdperiph/stm32f30x_gpio.o
 .debug_macro   0x00000dea       0x35 ./system/src/stm32f3-stdperiph/stm32f30x_gpio.o
 .debug_macro   0x00000e1f       0x50 ./system/src/stm32f3-stdperiph/stm32f30x_gpio.o
 .debug_macro   0x00000e6f      0xe66 ./system/src/stm32f3-stdperiph/stm32f30x_gpio.o
 .debug_macro   0x00001cd5     0x769b ./system/src/stm32f3-stdperiph/stm32f30x_gpio.o
 .debug_macro   0x00009370      0x5a6 ./system/src/stm32f3-stdperiph/stm32f30x_gpio.o
 .debug_macro   0x00009916      0x3cf ./system/src/stm32f3-stdperiph/stm32f30x_gpio.o
 .debug_macro   0x00009ce5       0x46 ./system/src/stm32f3-stdperiph/stm32f30x_gpio.o
 .debug_macro   0x00009d2b      0x231 ./system/src/stm32f3-stdperiph/stm32f30x_gpio.o
 .debug_macro   0x00009f5c      0x196 ./system/src/stm32f3-stdperiph/stm32f30x_gpio.o
 .debug_macro   0x0000a0f2       0x8e ./system/src/stm32f3-stdperiph/stm32f30x_gpio.o
 .debug_macro   0x0000a180      0x3a9 ./system/src/stm32f3-stdperiph/stm32f30x_gpio.o
 .debug_macro   0x0000a529      0x116 ./system/src/stm32f3-stdperiph/stm32f30x_gpio.o
 .debug_macro   0x0000a63f      0x1e4 ./system/src/stm32f3-stdperiph/stm32f30x_gpio.o
 .debug_macro   0x0000a823      0x1df ./system/src/stm32f3-stdperiph/stm32f30x_gpio.o
 .debug_macro   0x0000aa02      0x29a ./system/src/stm32f3-stdperiph/stm32f30x_gpio.o
 .debug_macro   0x0000ac9c       0x70 ./system/src/stm32f3-stdperiph/stm32f30x_gpio.o
 .debug_macro   0x0000ad0c      0x10c ./system/src/stm32f3-stdperiph/stm32f30x_gpio.o
 .debug_macro   0x0000ae18       0xb8 ./system/src/stm32f3-stdperiph/stm32f30x_gpio.o
 .debug_macro   0x0000aed0      0x5c6 ./system/src/stm32f3-stdperiph/stm32f30x_gpio.o
 .debug_macro   0x0000b496      0x551 ./system/src/stm32f3-stdperiph/stm32f30x_gpio.o
 .debug_macro   0x0000b9e7      0x3ac ./system/src/stm32f3-stdperiph/stm32f30x_gpio.o
 .debug_macro   0x0000bd93      0x8d8 ./system/src/stm32f3-stdperiph/stm32f30x_gpio.o
 .debug_macro   0x0000c66b      0x364 ./system/src/stm32f3-stdperiph/stm32f30x_gpio.o
 .debug_macro   0x0000c9cf       0x34 ./system/src/stm32f3-stdperiph/stm32f30x_gpio.o
 .debug_macro   0x0000ca03       0x89 ./system/src/stm32f3-stdperiph/stm32f30x_gpio.o
 .debug_macro   0x0000ca8c       0x35 ./system/src/stm32f3-stdperiph/stm32f30x_gpio.o
 .debug_macro   0x0000cac1      0x1b0 ./system/src/stm32f3-stdperiph/stm32f30x_gpio.o
 .debug_macro   0x0000cc71      0x172 ./system/src/stm32f3-stdperiph/stm32f30x_misc.o
 .debug_macro   0x0000cde3      0x1b6 ./system/src/stm32f3-stdperiph/stm32f30x_misc.o
 .debug_macro   0x0000cf99       0x83 ./system/src/stm32f3-stdperiph/stm32f30x_misc.o
 .debug_macro   0x0000d01c      0x209 ./system/src/stm32f3-stdperiph/stm32f30x_rcc.o
 .debug_macro   0x0000d225      0x5c0 ./system/src/stm32f3-stdperiph/stm32f30x_rcc.o
 .debug_macro   0x0000d7e5      0x196 ./system/src/stm32f3-stdperiph/stm32f30x_tim.o
 .debug_macro   0x0000d97b      0x8d2 ./system/src/stm32f3-stdperiph/stm32f30x_tim.o
 .debug_macro   0x0000e24d      0x184 ./system/src/stm32f3-stdperiph/stm32f30x_usart.o
 .debug_macro   0x0000e3d1      0x35e ./system/src/stm32f3-stdperiph/stm32f30x_usart.o
 .debug_macro   0x0000e72f      0x1a7 ./system/src/newlib/_exit.o
 .debug_macro   0x0000e8d6       0x9c ./system/src/newlib/_exit.o
 .debug_macro   0x0000e972      0x10e ./system/src/newlib/_exit.o
 .debug_macro   0x0000ea80       0x8d ./system/src/newlib/_exit.o
 .debug_macro   0x0000eb0d       0x43 ./system/src/newlib/_exit.o
 .debug_macro   0x0000eb50      0x30d ./system/src/newlib/_exit.o
 .debug_macro   0x0000ee5d       0x35 ./system/src/newlib/_exit.o
 .debug_macro   0x0000ee92      0x15c ./system/src/newlib/_sbrk.o
 .debug_macro   0x0000efee      0x174 ./system/src/newlib/_sbrk.o
 .debug_macro   0x0000f162       0x10 ./system/src/newlib/_sbrk.o
 .debug_macro   0x0000f172      0x23b ./system/src/newlib/_sbrk.o
 .debug_macro   0x0000f3ad      0x166 ./system/src/newlib/_startup.o
 .debug_macro   0x0000f513      0x8c8 ./system/src/newlib/_startup.o
 .debug_macro   0x0000fddb      0x20a ./system/src/newlib/_syscalls.o
 .debug_macro   0x0000ffe5       0x1c ./system/src/newlib/_syscalls.o
 .debug_macro   0x00010001       0x10 ./system/src/newlib/_syscalls.o
 .debug_macro   0x00010011       0x10 ./system/src/newlib/_syscalls.o
 .debug_macro   0x00010021       0x10 ./system/src/newlib/_syscalls.o
 .debug_macro   0x00010031       0x35 ./system/src/newlib/_syscalls.o
 .debug_macro   0x00010066      0x122 ./system/src/newlib/_syscalls.o
 .debug_macro   0x00010188       0x88 ./system/src/newlib/_syscalls.o
 .debug_macro   0x00010210       0x2b ./system/src/newlib/_syscalls.o
 .debug_macro   0x0001023b      0x118 ./system/src/newlib/_syscalls.o
 .debug_macro   0x00010353      0x159 ./system/src/newlib/_syscalls.o
 .debug_macro   0x000104ac       0x16 ./system/src/newlib/_syscalls.o
 .debug_macro   0x000104c2      0x1c3 ./system/src/newlib/assert.o
 .debug_macro   0x00010685       0x1c ./system/src/newlib/assert.o
 .debug_macro   0x000106a1      0x1e4 ./system/src/diag/Trace.o
 .debug_macro   0x00010885       0x16 ./system/src/diag/Trace.o
 .debug_macro   0x0001089b       0x97 ./system/src/diag/Trace.o
 .debug_macro   0x00010932       0xfd ./system/src/diag/Trace.o
 .debug_macro   0x00010a2f       0x10 ./system/src/diag/Trace.o
 .debug_macro   0x00010a3f       0x16 ./system/src/diag/Trace.o
 .debug_macro   0x00010a55      0x18b ./system/src/diag/Trace.o
 .debug_macro   0x00010be0       0x4c ./system/src/diag/Trace.o
 .debug_macro   0x00010c2c       0x16 ./system/src/diag/Trace.o
 .debug_macro   0x00010c42      0x2ce ./system/src/diag/trace_impl.o
 .debug_macro   0x00010f10       0x10 ./system/src/diag/trace_impl.o
 .debug_macro   0x00010f20       0xcf ./system/src/diag/trace_impl.o
 .debug_macro   0x00010fef       0xbe ./system/src/diag/trace_impl.o
 .debug_macro   0x000110ad       0x22 ./system/src/diag/trace_impl.o
 .debug_macro   0x000110cf      0x16c ./system/src/cortexm/_initialize_hardware.o
 .debug_macro   0x0001123b      0x30e ./system/src/cortexm/exception_handlers.o
 .debug_macro   0x00011549       0x3b ./system/src/cortexm/exception_handlers.o
 .debug_macro   0x00011584       0x10 ./system/src/cortexm/exception_handlers.o
 .debug_macro   0x00011594      0x168 ./system/src/cmsis/system_stm32f30x.o
 .debug_macro   0x000116fc       0x34 ./system/src/cmsis/vectors_stm32f30x.o
 .debug_macro   0x00011730      0x166 ./src/ini.o
 .debug_macro   0x00011896      0x23f ./src/main.o
